{
  "commands": [
    {
      "commandType": "home",
      "notes": [],
      "params": {},
      "result": {},
      "status": "succeeded"
    }
  ],
  "config": {
    "apiVersion": [
      2,
      16
    ],
    "protocolType": "python"
  },
  "errors": [
    {
      "detail": "UnsupportedAPIError [line 15]: Error 4002 API_REMOVED (UnsupportedAPIError): Fixed Trash is not available after API version 2.16. You are currently using API version 2.16. Fixed trash is no longer supported on Flex protocols.",
      "errorCode": "4000",
      "errorInfo": {},
      "errorType": "ExceptionInProtocolError",
      "isDefined": false,
      "wrappedErrors": [
        {
          "detail": "Fixed Trash is not available after API version 2.16. You are currently using API version 2.16. Fixed trash is no longer supported on Flex protocols.",
          "errorCode": "4002",
          "errorInfo": {
            "current_version": "2.16",
            "identifier": "Fixed Trash",
            "since_version": "2.16"
          },
          "errorType": "UnsupportedAPIError",
          "isDefined": false,
          "wrappedErrors": []
        }
      ]
    }
  ],
  "files": [
    {
      "name": "Flex_X_v2_16_NO_PIPETTES_AccessToFixedTrashProp.py",
      "role": "main"
    },
    {
      "name": "cpx_4_tuberack_100ul.json",
      "role": "labware"
    },
    {
      "name": "opentrons_ot3_96_tiprack_1000ul_rss.json",
      "role": "labware"
    },
    {
      "name": "opentrons_ot3_96_tiprack_200ul_rss.json",
      "role": "labware"
    },
    {
      "name": "opentrons_ot3_96_tiprack_50ul_rss.json",
      "role": "labware"
    },
    {
      "name": "sample_labware.json",
      "role": "labware"
    }
  ],
  "labware": [],
  "liquids": [],
  "metadata": {
    "author": "Derek Maggio <derek.maggio@opentrons.com>",
    "protocolName": "QA Protocol - Analysis Error - Access to Fixed Trash Property"
  },
  "modules": [],
  "pipettes": [],
  "result": "not-ok",
  "robotType": "OT-3 Standard",
  "runTimeParameters": []
}
